FIRECRACKER_INSTANCE_START_SUCCEEDED
--- Firecracker log ---
2026-07-30T06:20:07.034141182 [anonymous-instance:main] Running Firecracker v1.15.1
2026-07-30T06:20:07.034314260 [anonymous-instance:main] Listening on API socket ("/tmp/firecracker.socket").
2026-07-30T06:20:07.034440617 [anonymous-instance:fc_api] API server started.
2026-07-30T06:20:07.039396025 [anonymous-instance:fc_api] The API server received a Put request on "/machine-config" with body "{\"vcpu_count\":1,\"mem_size_mib\":128,\"smt\":false}".
2026-07-30T06:20:07.039445321 [anonymous-instance:fc_api] The request was executed successfully. Status code: 204 No Content.
2026-07-30T06:20:07.043937187 [anonymous-instance:fc_api] The API server received a Put request on "/boot-source" with body "{\"kernel_image_path\":\"/var/lib/firecracker/vmlinux\",\"boot_args\":\"console=ttyS0 reboot=k panic=1 pci=off\"}".
2026-07-30T06:20:07.043996089 [anonymous-instance:fc_api] The request was executed successfully. Status code: 204 No Content.
2026-07-30T06:20:07.048228906 [anonymous-instance:fc_api] The API server received a Put request on "/drives/rootfs" with body "{\"drive_id\":\"rootfs\",\"path_on_host\":\"/var/lib/firecracker/rootfs.ext4\",\"is_root_device\":true,\"is_read_only\":false}".
2026-07-30T06:20:07.048425662 [anonymous-instance:fc_api] The request was executed successfully. Status code: 204 No Content.
2026-07-30T06:20:07.052571557 [anonymous-instance:fc_api] The API server received a Put request on "/actions" with body "{\"action_type\":\"InstanceStart\"}".
2026-07-30T06:20:07.083825664 [anonymous-instance:main] Artificially kick devices
2026-07-30T06:20:07.083860178 [anonymous-instance:fc_vcpu 0] Received a VcpuEvent::Resume message with immediate_exit enabled. immediate_exit was disabled before proceeding
2026-07-30T06:20:07.083891864 [anonymous-instance:fc_api] The request was executed successfully. Status code: 204 No Content.
[    0.000000] Linux version 6.1.102 (root@85470d1acdd7) (gcc (Ubuntu 11.4.0-1ubuntu1~22.04) 11.4.0, GNU ld (GNU Binutils for Ubuntu) 2.38) #1 SMP PREEMPT_DYNAMIC Wed Oct  2 16:39:17 UTC 2024
[    0.000000] Command line: console=ttyS0 reboot=k panic=1 pci=off pci=off root=/dev/vda rw virtio_mmio.device=4K@0xc0001000:5
[    0.000000] KASLR disabled
[    0.000000] x86/split lock detection: #DB: warning on user-space bus_locks
[    0.000000] BIOS-provided physical RAM map:
[    0.000000] BIOS-e820: [mem 0x0000000000000000-0x000000000009fbff] usable
[    0.000000] BIOS-e820: [mem 0x000000000009fc00-0x00000000000fffff] reserved
[    0.000000] BIOS-e820: [mem 0x0000000000100000-0x0000000007ffffff] usable
[    0.000000] BIOS-e820: [mem 0x00000000eec00000-0x00000000febfffff] reserved
[    0.000000] NX (Execute Disable) protection: active
[    0.000000] DMI not present or invalid.
[    0.000000] Hypervisor detected: KVM
[    0.000000] kvm-clock: Using msrs 4b564d01 and 4b564d00
[    0.000001] kvm-clock: using sched offset of 55825872 cycles
[    0.000003] clocksource: kvm-clock: mask: 0xffffffffffffffff max_cycles: 0x1cd42e4dffb, max_idle_ns: 881590591483 ns
[    0.000060] tsc: Detected 2700.000 MHz processor
[    0.000645] last_pfn = 0x8000 max_arch_pfn = 0x400000000
[    0.000999] x86/PAT: Configuration [0-7]: WB  WC  UC- UC  WB  WP  UC- WT  
[    0.001265] Using GB pages for direct mapping
[    0.001426] ACPI: Early table checksum verification disabled
[    0.001555] ACPI: RSDP 0x00000000000E0000 000024 (v02 FIRECK)
[    0.001599] ACPI: XSDT 0x00000000000A01BC 00003C (v01 FIRECK FCMVXSDT 00000000 FCAT 20240119)
[    0.001650] ACPI: FACP 0x00000000000A002C 000114 (v06 FIRECK FCVMFADT 00000000 FCAT 20240119)
[    0.001683] ACPI: DSDT 0x000000000009FD30 0002FC (v02 FIRECK FCVMDSDT 00000000 FCAT 20240119)
[    0.001685] ACPI: APIC 0x00000000000A0140 000040 (v06 FIRECK FCVMMADT 00000000 FCAT 20240119)
[    0.001687] ACPI: MCFG 0x00000000000A0180 00003C (v01 FIRECK FCMVMCFG 00000000 FCAT 20240119)
[    0.001689] ACPI: Reserving FACP table memory at [mem 0xa002c-0xa013f]
[    0.001690] ACPI: Reserving DSDT table memory at [mem 0x9fd30-0xa002b]
[    0.001691] ACPI: Reserving APIC table memory at [mem 0xa0140-0xa017f]
[    0.001703] ACPI: Reserving MCFG table memory at [mem 0xa0180-0xa01bb]
[    0.002149] No NUMA configuration found
[    0.002150] Faking a node at [mem 0x0000000000000000-0x0000000007ffffff]
[    0.002168] NODE_DATA(0) allocated [mem 0x07fde000-0x07ffffff]
[    0.002904] Zone ranges:
[    0.002916]   DMA      [mem 0x0000000000001000-0x0000000000ffffff]
[    0.002918]   DMA32    [mem 0x0000000001000000-0x0000000007ffffff]
[    0.002919]   Normal   empty
[    0.002919] Movable zone start for each node
[    0.002930] Early memory node ranges
[    0.002930]   node   0: [mem 0x0000000000001000-0x000000000009efff]
[    0.002931]   node   0: [mem 0x0000000000100000-0x0000000007ffffff]
[    0.002943] Initmem setup node 0 [mem 0x0000000000001000-0x0000000007ffffff]
[    0.002993] On node 0, zone DMA: 1 pages in unavailable ranges
[    0.003679] On node 0, zone DMA: 97 pages in unavailable ranges
[    0.009050] IOAPIC[0]: apic_id 0, version 17, address 0xfec00000, GSI 0-23
[    0.009056] ACPI: Using ACPI (MADT) for SMP configuration information
[    0.009057] TSC deadline timer available
[    0.009069] smpboot: Allowing 1 CPUs, 0 hotplug CPUs
[    0.009234] PM: hibernation: Registered nosave memory: [mem 0x00000000-0x00000fff]
[    0.009246] PM: hibernation: Registered nosave memory: [mem 0x0009f000-0x0009ffff]
[    0.009247] PM: hibernation: Registered nosave memory: [mem 0x000a0000-0x000fffff]
[    0.009248] [mem 0x08000000-0xeebfffff] available for PCI devices
[    0.009249] Booting paravirtualized kernel on KVM
[    0.009261] clocksource: refined-jiffies: mask: 0xffffffff max_cycles: 0xffffffff, max_idle_ns: 7645519600211568 ns
[    0.009285] setup_percpu: NR_CPUS:64 nr_cpumask_bits:1 nr_cpu_ids:1 nr_node_ids:1
[    0.015490] percpu: Embedded 44 pages/cpu s147880 r0 d32344 u2097152
[    0.015622] kvm-guest: PV spinlocks disabled, single CPU
[    0.015627] Fallback order for Node 0: 0 
[    0.015630] Built 1 zonelists, mobility grouping on.  Total pages: 32000
[    0.015631] Policy zone: DMA32
[    0.015632] Kernel command line: console=ttyS0 reboot=k panic=1 pci=off pci=off root=/dev/vda rw virtio_mmio.device=4K@0xc0001000:5
[    0.016306] random: crng init done
[    0.016685] Dentry cache hash table entries: 16384 (order: 5, 131072 bytes, linear)
[    0.016875] Inode-cache hash table entries: 8192 (order: 4, 65536 bytes, linear)
[    0.016992] mem auto-init: stack:off, heap alloc:off, heap free:off
[    0.018183] Memory: 102568K/130680K available (12289K kernel code, 1073K rwdata, 2116K rodata, 2532K init, 2404K bss, 27856K reserved, 0K cma-reserved)
[    0.018553] SLUB: HWalign=64, Order=0-3, MinObjects=0, CPUs=1, Nodes=1
[    0.019457] Dynamic Preempt: none
[    0.019597] rcu: Preemptible hierarchical RCU implementation.
[    0.019608] rcu: 	RCU restricting CPUs from NR_CPUS=64 to nr_cpu_ids=1.
[    0.019620] 	Trampoline variant of Tasks RCU enabled.
[    0.019634] 	Tracing variant of Tasks RCU enabled.
[    0.019655] rcu: RCU calculated value of scheduler-enlistment delay is 25 jiffies.
[    0.019656] rcu: Adjusting geometry for rcu_fanout_leaf=16, nr_cpu_ids=1
[    0.019690] NR_IRQS: 4352, nr_irqs: 32, preallocated irqs: 0
[    0.019823] rcu: srcu_init: Setting srcu_struct sizes based on contention.
[    0.020167] Console: colour dummy device 80x25
[    0.182534] printk: console [ttyS0] enabled
[    0.183998] ACPI: Core revision 20220331
[    0.185486] APIC: Switch to symmetric I/O mode setup
[    0.187993] x2apic enabled
[    0.189952] Switched APIC routing to physical x2apic.
[    0.191745] clocksource: tsc-early: mask: 0xffffffffffffffff max_cycles: 0x26eb3e3cc63, max_idle_ns: 440795236593 ns
[    0.195152] Calibrating delay loop (skipped) preset value.. 5400.00 BogoMIPS (lpj=10800000)
[    0.198775] x86/cpu: User Mode Instruction Prevention (UMIP) activated
[    0.199149] Last level iTLB entries: 4KB 0, 2MB 0, 4MB 0
[    0.199149] Last level dTLB entries: 4KB 0, 2MB 0, 4MB 0, 1GB 0
[    0.199149] Spectre V1 : Mitigation: usercopy/swapgs barriers and __user pointer sanitization
[    0.199149] Spectre V2 : Mitigation: Enhanced / Automatic IBRS
[    0.199149] Spectre V2 : Spectre v2 / SpectreRSB mitigation: Filling RSB on context switch
[    0.199149] Spectre V2 : mitigation: Enabling conditional Indirect Branch Prediction Barrier
[    0.199149] Speculative Store Bypass: Mitigation: Speculative Store Bypass disabled via prctl
[    0.199149] x86/fpu: Supporting XSAVE feature 0x001: 'x87 floating point registers'
[    0.199149] x86/fpu: Supporting XSAVE feature 0x002: 'SSE registers'
[    0.199149] x86/fpu: Supporting XSAVE feature 0x004: 'AVX registers'
[    0.199149] x86/fpu: Supporting XSAVE feature 0x020: 'AVX-512 opmask'
[    0.199149] x86/fpu: Supporting XSAVE feature 0x040: 'AVX-512 Hi256'
[    0.199149] x86/fpu: Supporting XSAVE feature 0x080: 'AVX-512 ZMM_Hi256'
[    0.199149] x86/fpu: Supporting XSAVE feature 0x200: 'Protection Keys User registers'
[    0.199149] x86/fpu: Supporting XSAVE feature 0x20000: 'AMX Tile config'
[    0.199149] x86/fpu: Supporting XSAVE feature 0x40000: 'AMX Tile data'
[    0.199149] x86/fpu: xstate_offset[2]:  576, xstate_sizes[2]:  256
[    0.199149] x86/fpu: xstate_offset[5]:  832, xstate_sizes[5]:   64
[    0.199149] x86/fpu: xstate_offset[6]:  896, xstate_sizes[6]:  512
[    0.199149] x86/fpu: xstate_offset[7]: 1408, xstate_sizes[7]: 1024
[    0.199149] x86/fpu: xstate_offset[9]: 2432, xstate_sizes[9]:    8
[    0.199149] x86/fpu: xstate_offset[17]: 2496, xstate_sizes[17]:   64
[    0.199149] x86/fpu: xstate_offset[18]: 2560, xstate_sizes[18]: 8192
[    0.199149] x86/fpu: Enabled xstate features 0x602e7, context size is 10752 bytes, using 'compacted' format.
[    0.199149] Freeing SMP alternatives memory: 40K
[    0.199149] pid_max: default: 32768 minimum: 301
[    0.199149] LSM: Security Framework initializing
[    0.199149] SELinux:  Initializing.
[    0.199149] SELinux: CONFIG_SECURITY_SELINUX_CHECKREQPROT_VALUE is non-zero.  This is deprecated and will be rejected in a future kernel release.
[    0.199149] SELinux: https://github.com/SELinuxProject/selinux-kernel/wiki/DEPRECATE-checkreqprot
[    0.199149] Mount-cache hash table entries: 512 (order: 0, 4096 bytes, linear)
[    0.199149] Mountpoint-cache hash table entries: 512 (order: 0, 4096 bytes, linear)
[    0.199149] smpboot: CPU0: Intel(R) Xeon(R) Processor (family: 0x6, model: 0xad, stepping: 0x1)
[    0.199149] cblist_init_generic: Setting adjustable number of callback queues.
[    0.199159] cblist_init_generic: Setting shift to 0 and lim to 1.
[    0.201264] cblist_init_generic: Setting adjustable number of callback queues.
[    0.203156] cblist_init_generic: Setting shift to 0 and lim to 1.
[    0.205158] Performance Events: unsupported p6 CPU model 173 no PMU driver, software events only.
[    0.207310] signal: max sigframe size: 11952
[    0.208755] rcu: Hierarchical SRCU implementation.
[    0.210296] rcu: 	Max phase no-delay instances is 1000.
[    0.211374] NMI watchdog: Perf NMI watchdog permanently disabled
[    0.213562] smp: Bringing up secondary CPUs ...
[    0.215053] smp: Brought up 1 node, 1 CPU
[    0.215157] smpboot: Max logical packages: 1
[    0.216539] smpboot: Total of 1 processors activated (5400.00 BogoMIPS)
[    0.219259] devtmpfs: initialized
[    0.220483] x86/mm: Memory block size: 128MB
[    0.222135] clocksource: jiffies: mask: 0xffffffff max_cycles: 0xffffffff, max_idle_ns: 7645041785100000 ns
[    0.223159] futex hash table entries: 256 (order: 2, 16384 bytes, linear)
[    0.225858] NET: Registered PF_NETLINK/PF_ROUTE protocol family
[    0.227191] audit: initializing netlink subsys (disabled)
[    0.229099] thermal_sys: Registered thermal governor 'fair_share'
[    0.229100] thermal_sys: Registered thermal governor 'step_wise'
[    0.231071] thermal_sys: Registered thermal governor 'user_space'
[    0.231167] audit: type=2000 audit(1785392407.160:1): state=initialized audit_enabled=0 res=1
[    0.235159] cpuidle: using governor ladder
[    0.236486] cpuidle: using governor menu
[    0.239064] HugeTLB: registered 1.00 GiB page size, pre-allocated 0 pages
[    0.239159] HugeTLB: 16380 KiB vmemmap can be freed for a 1.00 GiB page
[    0.241283] HugeTLB: registered 2.00 MiB page size, pre-allocated 0 pages
[    0.243156] HugeTLB: 28 KiB vmemmap can be freed for a 2.00 MiB page
[    0.246117] ACPI: Added _OSI(Module Device)
[    0.247158] ACPI: Added _OSI(Processor Device)
[    0.248609] ACPI: Added _OSI(3.0 _SCP Extensions)
[    0.250155] ACPI: Added _OSI(Processor Aggregator Device)
[    0.251225] ACPI: 1 ACPI AML tables successfully acquired and loaded
[    0.253340] ACPI: Interpreter enabled
[    0.254571] ACPI: PM: (supports S0)
[    0.255166] ACPI: Using IOAPIC for interrupt routing
[    0.257321] iommu: Default domain type: Translated 
[    0.258923] iommu: DMA domain TLB invalidation policy: lazy mode 
[    0.259270] SCSI subsystem initialized
[    0.260519] pps_core: LinuxPPS API ver. 1 registered
[    0.262120] pps_core: Software ver. 5.3.6 - Copyright 2005-2007 Rodolfo Giometti <giometti@linux.it>
[    0.263159] PTP clock support registered
[    0.264776] NetLabel: Initializing
[    0.265909] NetLabel:  domain hash size = 128
[    0.267156] NetLabel:  protocols = UNLABELED CIPSOv4 CALIPSO
[    0.269021] NetLabel:  unlabeled traffic allowed by default
[    0.271054] clocksource: Switched to clocksource kvm-clock
[    0.271149] VFS: Disk quotas dquot_6.6.0
[    0.271149] VFS: Dquot-cache hash table entries: 512 (order 0, 4096 bytes)
[    0.273070] pnp: PnP ACPI init
[    0.274226] pnp: PnP ACPI: found 5 devices
[    0.277072] NET: Registered PF_INET protocol family
[    0.278773] IP idents hash table entries: 2048 (order: 2, 16384 bytes, linear)
[    0.281397] tcp_listen_portaddr_hash hash table entries: 256 (order: 0, 4096 bytes, linear)
[    0.284110] Table-perturb hash table entries: 65536 (order: 6, 262144 bytes, linear)
[    0.286602] TCP established hash table entries: 1024 (order: 1, 8192 bytes, linear)
[    0.289082] TCP bind hash table entries: 1024 (order: 3, 32768 bytes, linear)
[    0.291468] TCP: Hash tables configured (established 1024 bind 1024)
[    0.293785] MPTCP token hash table entries: 256 (order: 0, 6144 bytes, linear)
[    0.296115] UDP hash table entries: 256 (order: 1, 8192 bytes, linear)
[    0.298244] UDP-Lite hash table entries: 256 (order: 1, 8192 bytes, linear)
[    0.300556] NET: Registered PF_UNIX/PF_LOCAL protocol family
[    0.302881] RPC: Registered named UNIX socket transport module.
[    0.304805] RPC: Registered udp transport module.
[    0.306358] RPC: Registered tcp transport module.
[    0.307892] RPC: Registered tcp NFSv4.1 backchannel transport module.
[    0.309948] NET: Registered PF_XDP protocol family
[    0.311548] clocksource: tsc: mask: 0xffffffffffffffff max_cycles: 0x26eb3e3cc63, max_idle_ns: 440795236593 ns
[    0.314829] clocksource: Switched to clocksource tsc
[    0.316495] platform rtc_cmos: registered platform RTC device (no PNP device found)
2026-07-30T06:20:07.558866994 [anonymous-instance:fc_vcpu 0] vcpu: IO read @ 0x87:0x1 failed: bus_error: MissingAddressRange
[    0.320003] Initialise system trusted keyrings
[    0.321458] Key type blacklist registered
[    0.323974] workingset: timestamp_bits=36 max_order=15 bucket_order=0
[    0.328099] zbud: loaded
[    0.329513] squashfs: version 4.0 (2009/01/31) Phillip Lougher
[    0.331729] NFS: Registering the id_resolver key type
[    0.333368] Key type id_resolver registered
[    0.334719] Key type id_legacy registered
[    0.336062] nfs4filelayout_init: NFSv4 File Layout Driver Registering...
[    0.338295] SGI XFS with ACLs, security attributes, quota, no debug enabled
[    0.344289] Key type asymmetric registered
[    0.345623] Asymmetric key parser 'x509' registered
[    0.347323] Block layer SCSI generic (bsg) driver version 0.4 loaded (major 251)
[    0.349730] io scheduler mq-deadline registered
[    0.351203] io scheduler kyber registered
[    0.352550] io scheduler bfq registered
[    0.354948] Serial: 8250/16550 driver, 1 ports, IRQ sharing disabled
[    0.357328] 00:00: ttyS0 at I/O 0x3f8 (irq = 27, base_baud = 115200) is a 16550A
[    0.377212] loop: module loaded
[    0.378483] virtio_blk virtio0: 1/0/0 default/read/poll queues
[    0.381174] virtio_blk virtio0: [vda] 614400 512-byte logical blocks (315 MB/300 MiB)
[    0.385066] Loading iSCSI transport class v2.0-870.
[    0.386818] iscsi: registered transport (tcp)
[    0.388366] intel_pstate: CPU model not supported
[    0.389911] hid: raw HID events driver (C) Jiri Kosina
[    0.391958] Initializing XFRM netlink socket
[    0.393388] NET: Registered PF_INET6 protocol family
[    0.395567] Segment Routing with IPv6
[    0.396785] In-situ OAM (IOAM) with IPv6
[    0.402114] bpfilter: Loaded bpfilter_umh pid 138
[    0.404225] NET: Registered PF_PACKET protocol family
[    0.405864] Bridge firewalling registered
[    0.407206] Key type dns_resolver registered
[    0.408633] NET: Registered PF_VSOCK protocol family
[    0.410294] IPI shorthand broadcast: enabled
[    0.411708] sched_clock: Marking stable (236379043, 175304025)->(543070516, -131387448)
[    0.414335] registered taskstats version 1
[    0.415929] Loading compiled-in X.509 certificates
[    0.417545] zswap: loaded using pool lzo/zbud
[    0.419056] Key type .fscrypt registered
[    0.420349] Key type fscrypt-provisioning registered
[    0.422077] Key type encrypted registered
[    0.424938] clk: Disabling unused clocks
[    0.431610] EXT4-fs (vda): mounted filesystem with ordered data mode. Quota mode: none.
[    0.433048] VFS: Mounted root (ext4 filesystem) on device 254:0.
[    0.435548] devtmpfs: mounted
[    0.437795] Freeing unused kernel image (initmem) memory: 2532K
[    0.438879] Write protecting the kernel read-only data: 18432k
[    0.445369] Freeing unused kernel image (text/rodata gap) memory: 2044K
[    0.452097] Freeing unused kernel image (rodata/data gap) memory: 1980K
[    0.453295] Run /sbin/init as init process
SELinux:  Could not open policy file <= /etc/selinux/targeted/policy/policy.33:  No such file or directory
[    0.598857] systemd[1]: systemd 249.11-0ubuntu3.12 running in system mode (+PAM +AUDIT +SELINUX +APPARMOR +IMA +SMACK +SECCOMP +GCRYPT +GNUTLS +OPENSSL +ACL +BLKID +CURL +ELFUTILS +FIDO2 +IDN2 -IDN +IPTC +KMOD +LIBCRYPTSETUP +LIBFDISK +PCRE2 -PWQUALITY -P11KIT -QRENCODE +BZIP2 +LZ4 +XZ +ZLIB +ZSTD -XKBCOMMON +UTMP +SYSVINIT default-hierarchy=unified)
[    0.604363] systemd[1]: Detected virtualization kvm.
[    0.605301] systemd[1]: Detected architecture x86-64.

Welcome to [1mUbuntu 22.04.5 LTS[0m!

[    0.609312] systemd[1]: Hostname set to <ubuntu-fc-uvm>.
[    0.761102] systemd[1]: Queued start job for default target Graphical Interface.
[    0.767653] systemd[1]: Created slice Slice /system/getty.
[[0;32m  OK  [0m] Created slice [0;1;39mSlice /system/getty[0m.
[    0.770403] systemd[1]: Created slice Slice /system/modprobe.
[[0;32m  OK  [0m] Created slice [0;1;39mSlice /system/modprobe[0m.
[    0.773063] systemd[1]: Created slice Slice /system/serial-getty.
[[0;32m  OK  [0m] Created slice [0;1;39mSlice /system/serial-getty[0m.
[    0.775728] systemd[1]: Started Dispatch Password Requests to Console Directory Watch.
[[0;32m  OK  [0m] Started [0;1;39mDispatch Password …ts to Console Directory Watch[0m.
[    0.778958] systemd[1]: Started Forward Password Requests to Wall Directory Watch.
[[0;32m  OK  [0m] Started [0;1;39mForward Password R…uests to Wall Directory Watch[0m.
[    0.782271] systemd[1]: Set up automount Arbitrary Executable File Formats File System Automount Point.
[[0;32m  OK  [0m] Set up automount [0;1;39mArbitrary…s File System Automount Point[0m.
[    0.785758] systemd[1]: Reached target Local Encrypted Volumes.
[[0;32m  OK  [0m] Reached target [0;1;39mLocal Encrypted Volumes[0m.
[    0.788320] systemd[1]: Reached target Path Units.
[[0;32m  OK  [0m] Reached target [0;1;39mPath Units[0m.
[    0.790409] systemd[1]: Reached target Remote File Systems.
[[0;32m  OK  [0m] Reached target [0;1;39mRemote File Systems[0m.
[    0.792823] systemd[1]: Reached target Slice Units.
[[0;32m  OK  [0m] Reached target [0;1;39mSlice Units[0m.
[    0.794957] systemd[1]: Reached target Swaps.
[[0;32m  OK  [0m] Reached target [0;1;39mSwaps[0m.
[    0.796947] systemd[1]: Reached target Local Verity Protected Volumes.
[[0;32m  OK  [0m] Reached target [0;1;39mLocal Verity Protected Volumes[0m.
[    0.799709] systemd[1]: Listening on initctl Compatibility Named Pipe.
[[0;32m  OK  [0m] Listening on [0;1;39minitctl Compatibility Named Pipe[0m.
[    0.802647] systemd[1]: Listening on Journal Audit Socket.
[[0;32m  OK  [0m] Listening on [0;1;39mJournal Audit Socket[0m.
[    0.805105] systemd[1]: Listening on Journal Socket (/dev/log).
[[0;32m  OK  [0m] Listening on [0;1;39mJournal Socket (/dev/log)[0m.
[    0.807738] systemd[1]: Listening on Journal Socket.
[[0;32m  OK  [0m] Listening on [0;1;39mJournal Socket[0m.
[    0.811135] systemd[1]: Listening on udev Control Socket.
[[0;32m  OK  [0m] Listening on [0;1;39mudev Control Socket[0m.
[    0.813574] systemd[1]: Listening on udev Kernel Socket.
[[0;32m  OK  [0m] Listening on [0;1;39mudev Kernel Socket[0m.
[    0.815921] systemd[1]: Reached target Socket Units.
[[0;32m  OK  [0m] Reached target [0;1;39mSocket Units[0m.
[    0.823368] systemd[1]: Mounting Huge Pages File System...
         Mounting [0;1;39mHuge Pages File System[0m...
[    0.826051] systemd[1]: Mounting POSIX Message Queue File System...
         Mounting [0;1;39mPOSIX Message Queue File System[0m...
[    0.830090] systemd[1]: Mounting Kernel Debug File System...
         Mounting [0;1;39mKernel Debug File System[0m...
[    0.834298] systemd[1]: Condition check resulted in Kernel Trace File System being skipped.
[    0.838203] systemd[1]: Mounting Temporary Directory /tmp...
         Mounting [0;1;39mTemporary Directory /tmp[0m...
[    0.844208] systemd[1]: Mounting /var/lib/systemd...
         Mounting [0;1;39m/var/lib/systemd[0m...
[    0.848717] systemd[1]: Starting Journal Service...
         Starting [0;1;39mJournal Service[0m...
[    0.855149] systemd[1]: Condition check resulted in Create List of Static Device Nodes being skipped.
[    0.857560] systemd[1]: Starting Load Kernel Module configfs...
         Starting [0;1;39mLoad Kernel Module configfs[0m...
[    0.862621] systemd[1]: Starting Load Kernel Module efi_pstore...
         Starting [0;1;39mLoad Kernel Module efi_pstore[0m...
[    0.869891] systemd[1]: Starting Load Kernel Module fuse...
         Starting [0;1;39mLoad Kernel Module fuse[0m...
[    0.878339] systemd[1]: Starting Load Kernel Modules...
         Starting [0;1;39mLoad Kernel Modules[0m...
[    0.881507] systemd[1]: Starting Remount Root and Kernel File Systems...
         Starting [0;1;39mRemount Root and Kernel File Systems[0m...
[    0.885994] systemd[1]: Starting Coldplug All udev Devices...
         Starting [0;1;39mColdplug All udev Devices[0m...
[    0.889099] systemd[1]: Started Journal Service.
[[0;32m  OK  [0m] Started [0;1;39mJournal Service[0m.
[[0;32m  OK  [0m] Mounted [0;1;39mHuge Pages File System[0m.
[[0;32m  OK  [0m] Mounted [0;1;39mPOSIX Message Queue File System[0m.
[[0;32m  OK  [0m] Mounted [0;1;39mKernel Debug File System[0m.
[[0;32m  OK  [0m] Mounted [0;1;39mTemporary Directory /tmp[0m.
[[0;32m  OK  [0m] Mounted [0;1;39m/var/lib/systemd[0m.
[[0;32m  OK  [0m] Finished [0;1;39mLoad Kernel Module configfs[0m.
[[0;32m  OK  [0m] Finished [0;1;39mLoad Kernel Module efi_pstore[0m.
[[0;32m  OK  [0m] Finished [0;1;39mLoad Kernel Module fuse[0m.
[[0;32m  OK  [0m] Finished [0;1;39mLoad Kernel Modules[0m.
[[0;32m  OK  [0m] Finished [0;1;39mRemount Root and Kernel File Systems[0m.
         Starting [0;1;39mFlush Journal to Persistent Storage[0m...
         Starting [0;1;39mLoad/Save Random Seed[0m...
[    0.933226] systemd-journald[236]: Received client request to flush runtime journal.
         Starting [0;1;39mApply Kernel Variables[0m...
         Starting [0;1;39mCreate System Users[0m...
[[0;32m  OK  [0m] Finished [0;1;39mFlush Journal to Persistent Storage[0m.
[[0;32m  OK  [0m] Finished [0;1;39mLoad/Save Random Seed[0m.
[[0;32m  OK  [0m] Finished [0;1;39mCreate System Users[0m.
[[0;32m  OK  [0m] Finished [0;1;39mApply Kernel Variables[0m.
         Starting [0;1;39mCreate Static Device Nodes in /dev[0m...
[[0;32m  OK  [0m] Finished [0;1;39mColdplug All udev Devices[0m.
[[0;32m  OK  [0m] Finished [0;1;39mCreate Static Device Nodes in /dev[0m.
[[0;32m  OK  [0m] Reached target [0;1;39mPreparation for Local File Systems[0m.
[[0;32m  OK  [0m] Reached target [0;1;39mLocal File Systems[0m.
         Starting [0;1;39mSet Up Additional Binary Formats[0m...
         Starting [0;1;39mCreate Volatile Files and Directories[0m...
         Starting [0;1;39mRule-based Manage…for Device Events and Files[0m...
         Mounting [0;1;39mArbitrary Executable File Formats File System[0m...
[[0;32m  OK  [0m] Finished [0;1;39mCreate Volatile Files and Directories[0m.
[[0;32m  OK  [0m] Mounted [0;1;39mArbitrary Executable File Formats File System[0m.
         Starting [0;1;39mRecord System Boot/Shutdown in UTMP[0m...
[[0;32m  OK  [0m] Finished [0;1;39mSet Up Additional Binary Formats[0m.
[[0;32m  OK  [0m] Finished [0;1;39mRecord System Boot/Shutdown in UTMP[0m.
[[0;32m  OK  [0m] Started [0;1;39mRule-based Manager for Device Events and Files[0m.
[[0;32m  OK  [0m] Reached target [0;1;39mSystem Initialization[0m.
[[0;32m  OK  [0m] Started [0;1;39mDaily Cleanup of Temporary Directories[0m.
[[0;32m  OK  [0m] Reached target [0;1;39mBasic System[0m.
[[0;32m  OK  [0m] Reached target [0;1;39mTimer Units[0m.
         Starting [0;1;39mfcnet.service[0m...
         Starting [0;1;39mgetty on tty2-tty…nd logind are not available[0m...
         Starting [0;1;39mOpenBSD Secure Shell server[0m...
         Starting [0;1;39mPermit User Sessions[0m...
[[0;32m  OK  [0m] Found device [0;1;39m/dev/ttyS0[0m.
[[0;32m  OK  [0m] Finished [0;1;39mPermit User Sessions[0m.
[[0;32m  OK  [0m] Started [0;1;39mGetty on tty1[0m.
[[0;32m  OK  [0m] Started [0;1;39mSerial Getty on ttyS0[0m.
[[0;32m  OK  [0m] Finished [0;1;39mgetty on tty2-tty… and logind are not available[0m.
[[0;32m  OK  [0m] Started [0;1;39mGetty on tty2[0m.
[[0;32m  OK  [0m] Started [0;1;39mGetty on tty3[0m.
[[0;32m  OK  [0m] Started [0;1;39mGetty on tty4[0m.
[[0;32m  OK  [0m] Started [0;1;39mGetty on tty5[0m.
[[0;32m  OK  [0m] Started [0;1;39mGetty on tty6[0m.
[[0;32m  OK  [0m] Reached target [0;1;39mLogin Prompts[0m.
[[0;32m  OK  [0m] Finished [0;1;39mfcnet.service[0m.
[[0;32m  OK  [0m] Started [0;1;39mOpenBSD Secure Shell server[0m.
[[0;32m  OK  [0m] Reached target [0;1;39mMulti-User System[0m.
[[0;32m  OK  [0m] Reached target [0;1;39mGraphical Interface[0m.
         Starting [0;1;39mRecord Runlevel Change in UTMP[0m...
[[0;32m  OK  [0m] Finished [0;1;39mRecord Runlevel Change in UTMP[0m.

Ubuntu 22.04.5 LTS ubuntu-fc-uvm ttyS0

ubuntu-fc-uvm login: root (automatic login)

Welcome to Ubuntu 22.04.5 LTS (GNU/Linux 6.1.102 x86_64)

 * Documentation:  https://help.ubuntu.com
 * Management:     https://landscape.canonical.com
 * Support:        https://ubuntu.com/pro

This system has been minimized by removing packages and content that are
not required on a system that users do not log into.

To restore this content, you can run the 'unminimize' command.

The programs included with the Ubuntu system are free software;
the exact distribution terms for each program are described in the
individual files in /usr/share/doc/*/copyright.

Ubuntu comes with ABSOLUTELY NO WARRANTY, to the extent permitted by
applicable law.

root@ubuntu-fc-uvm:~# 